{
  "code": "int main()\n{\n  int y;\n  int z = y * 2;\n  int x = z * 10;\n  printf (\"x = %d\\n\", x);\n}\n", 
  "trace": [
    {
      "event": "step_line", 
      "func_name": "main", 
      "globals": {}, 
      "heap": {}, 
      "line": 2, 
      "ordered_globals": [], 
      "stack_to_render": [
        {
          "encoded_locals": {
            "x": [
              "C_DATA", 
              "0xFFF0000F4", 
              "int", 
              "<UNINITIALIZED>"
            ], 
            "y": [
              "C_DATA", 
              "0xFFF0000EC", 
              "int", 
              "<UNINITIALIZED>"
            ], 
            "z": [
              "C_DATA", 
              "0xFFF0000F0", 
              "int", 
              "<UNINITIALIZED>"
            ]
          }, 
          "frame_id": "0xFFF000100", 
          "func_name": "main", 
          "is_highlighted": true, 
          "is_parent": false, 
          "is_zombie": false, 
          "ordered_varnames": [
            "y", 
            "z", 
            "x"
          ], 
          "parent_frame_id_list": [], 
          "unique_hash": "main_0xFFF000100"
        }
      ], 
      "stdout": ""
    }, 
    {
      "event": "step_line", 
      "func_name": "main", 
      "globals": {}, 
      "heap": {}, 
      "line": 4, 
      "ordered_globals": [], 
      "stack_to_render": [
        {
          "encoded_locals": {
            "x": [
              "C_DATA", 
              "0xFFF0000FC", 
              "int", 
              "<UNINITIALIZED>"
            ], 
            "y": [
              "C_DATA", 
              "0xFFF0000F4", 
              "int", 
              "<UNINITIALIZED>"
            ], 
            "z": [
              "C_DATA", 
              "0xFFF0000F8", 
              "int", 
              "<UNINITIALIZED>"
            ]
          }, 
          "frame_id": "0xFFF000100", 
          "func_name": "main", 
          "is_highlighted": true, 
          "is_parent": false, 
          "is_zombie": false, 
          "ordered_varnames": [
            "y", 
            "z", 
            "x"
          ], 
          "parent_frame_id_list": [], 
          "unique_hash": "main_0xFFF000100"
        }
      ], 
      "stdout": ""
    }, 
    {
      "event": "step_line", 
      "func_name": "main", 
      "globals": {}, 
      "heap": {}, 
      "line": 5, 
      "ordered_globals": [], 
      "stack_to_render": [
        {
          "encoded_locals": {
            "x": [
              "C_DATA", 
              "0xFFF0000FC", 
              "int", 
              "<UNINITIALIZED>"
            ], 
            "y": [
              "C_DATA", 
              "0xFFF0000F4", 
              "int", 
              "<UNINITIALIZED>"
            ], 
            "z": [
              "C_DATA", 
              "0xFFF0000F8", 
              "int", 
              "<UNINITIALIZED>"
            ]
          }, 
          "frame_id": "0xFFF000100", 
          "func_name": "main", 
          "is_highlighted": true, 
          "is_parent": false, 
          "is_zombie": false, 
          "ordered_varnames": [
            "y", 
            "z", 
            "x"
          ], 
          "parent_frame_id_list": [], 
          "unique_hash": "main_0xFFF000100"
        }
      ], 
      "stdout": ""
    }, 
    {
      "event": "step_line", 
      "func_name": "main", 
      "globals": {}, 
      "heap": {}, 
      "line": 6, 
      "ordered_globals": [], 
      "stack_to_render": [
        {
          "encoded_locals": {
            "x": [
              "C_DATA", 
              "0xFFF0000FC", 
              "int", 
              "<UNINITIALIZED>"
            ], 
            "y": [
              "C_DATA", 
              "0xFFF0000F4", 
              "int", 
              "<UNINITIALIZED>"
            ], 
            "z": [
              "C_DATA", 
              "0xFFF0000F8", 
              "int", 
              "<UNINITIALIZED>"
            ]
          }, 
          "frame_id": "0xFFF000100", 
          "func_name": "main", 
          "is_highlighted": true, 
          "is_parent": false, 
          "is_zombie": false, 
          "ordered_varnames": [
            "y", 
            "z", 
            "x"
          ], 
          "parent_frame_id_list": [], 
          "unique_hash": "main_0xFFF000100"
        }
      ], 
      "stdout": ""
    }, 
    {
      "event": "exception", 
      "exception_msg": "ERROR: Conditional jump or move depends on uninitialised value(s)\n(Stopped running after the first error. Please fix your code.)", 
      "func_name": "main", 
      "globals": {}, 
      "heap": {}, 
      "line": 6, 
      "ordered_globals": [], 
      "stack_to_render": [
        {
          "encoded_locals": {
            "x": [
              "C_DATA", 
              "0xFFF0000FC", 
              "int", 
              "<UNINITIALIZED>"
            ], 
            "y": [
              "C_DATA", 
              "0xFFF0000F4", 
              "int", 
              "<UNINITIALIZED>"
            ], 
            "z": [
              "C_DATA", 
              "0xFFF0000F8", 
              "int", 
              "<UNINITIALIZED>"
            ]
          }, 
          "frame_id": "0xFFF000100", 
          "func_name": "main", 
          "is_highlighted": true, 
          "is_parent": false, 
          "is_zombie": false, 
          "ordered_varnames": [
            "y", 
            "z", 
            "x"
          ], 
          "parent_frame_id_list": [], 
          "unique_hash": "main_0xFFF000100"
        }
      ], 
      "stdout": ""
    }
  ]
}
